Archive member included to satisfy reference by file (symbol)

C:/Users/sara_/Downloads/avr8-gnu-toolchain-4.0.0.52-win32.any.x86_64 (2)/avr8-gnu-toolchain-win32_x86_64/bin/../lib/gcc/avr/15.1.0/../../../../avr/lib/avr5\libm.a(addsf3.o)
                              build/default/production/predict.o (__subsf3)
C:/Users/sara_/Downloads/avr8-gnu-toolchain-4.0.0.52-win32.any.x86_64 (2)/avr8-gnu-toolchain-win32_x86_64/bin/../lib/gcc/avr/15.1.0/../../../../avr/lib/avr5\libm.a(addsf3x.o)
                              C:/Users/sara_/Downloads/avr8-gnu-toolchain-4.0.0.52-win32.any.x86_64 (2)/avr8-gnu-toolchain-win32_x86_64/bin/../lib/gcc/avr/15.1.0/../../../../avr/lib/avr5\libm.a(addsf3.o) (__addsf3x)
C:/Users/sara_/Downloads/avr8-gnu-toolchain-4.0.0.52-win32.any.x86_64 (2)/avr8-gnu-toolchain-win32_x86_64/bin/../lib/gcc/avr/15.1.0/../../../../avr/lib/avr5\libm.a(cmpsf2.o)
                              build/default/production/predict.o (__ltsf2)
C:/Users/sara_/Downloads/avr8-gnu-toolchain-4.0.0.52-win32.any.x86_64 (2)/avr8-gnu-toolchain-win32_x86_64/bin/../lib/gcc/avr/15.1.0/../../../../avr/lib/avr5\libm.a(divsf3.o)
                              build/default/production/predict.o (__divsf3)
C:/Users/sara_/Downloads/avr8-gnu-toolchain-4.0.0.52-win32.any.x86_64 (2)/avr8-gnu-toolchain-win32_x86_64/bin/../lib/gcc/avr/15.1.0/../../../../avr/lib/avr5\libm.a(divsf3x.o)
                              C:/Users/sara_/Downloads/avr8-gnu-toolchain-4.0.0.52-win32.any.x86_64 (2)/avr8-gnu-toolchain-win32_x86_64/bin/../lib/gcc/avr/15.1.0/../../../../avr/lib/avr5\libm.a(divsf3.o) (__divsf3x)
C:/Users/sara_/Downloads/avr8-gnu-toolchain-4.0.0.52-win32.any.x86_64 (2)/avr8-gnu-toolchain-win32_x86_64/bin/../lib/gcc/avr/15.1.0/../../../../avr/lib/avr5\libm.a(fixunssfsi.o)
                              build/default/production/predict.o (__fixunssfsi)
C:/Users/sara_/Downloads/avr8-gnu-toolchain-4.0.0.52-win32.any.x86_64 (2)/avr8-gnu-toolchain-win32_x86_64/bin/../lib/gcc/avr/15.1.0/../../../../avr/lib/avr5\libm.a(floatsisf.o)
                              build/default/production/predict.o (__floatunsisf)
C:/Users/sara_/Downloads/avr8-gnu-toolchain-4.0.0.52-win32.any.x86_64 (2)/avr8-gnu-toolchain-win32_x86_64/bin/../lib/gcc/avr/15.1.0/../../../../avr/lib/avr5\libm.a(fp_cmp.o)
                              C:/Users/sara_/Downloads/avr8-gnu-toolchain-4.0.0.52-win32.any.x86_64 (2)/avr8-gnu-toolchain-win32_x86_64/bin/../lib/gcc/avr/15.1.0/../../../../avr/lib/avr5\libm.a(cmpsf2.o) (__fp_cmp)
C:/Users/sara_/Downloads/avr8-gnu-toolchain-4.0.0.52-win32.any.x86_64 (2)/avr8-gnu-toolchain-win32_x86_64/bin/../lib/gcc/avr/15.1.0/../../../../avr/lib/avr5\libm.a(fp_inf.o)
                              C:/Users/sara_/Downloads/avr8-gnu-toolchain-4.0.0.52-win32.any.x86_64 (2)/avr8-gnu-toolchain-win32_x86_64/bin/../lib/gcc/avr/15.1.0/../../../../avr/lib/avr5\libm.a(addsf3x.o) (__fp_inf)
C:/Users/sara_/Downloads/avr8-gnu-toolchain-4.0.0.52-win32.any.x86_64 (2)/avr8-gnu-toolchain-win32_x86_64/bin/../lib/gcc/avr/15.1.0/../../../../avr/lib/avr5\libm.a(fp_nan.o)
                              C:/Users/sara_/Downloads/avr8-gnu-toolchain-4.0.0.52-win32.any.x86_64 (2)/avr8-gnu-toolchain-win32_x86_64/bin/../lib/gcc/avr/15.1.0/../../../../avr/lib/avr5\libm.a(addsf3x.o) (__fp_nan)
C:/Users/sara_/Downloads/avr8-gnu-toolchain-4.0.0.52-win32.any.x86_64 (2)/avr8-gnu-toolchain-win32_x86_64/bin/../lib/gcc/avr/15.1.0/../../../../avr/lib/avr5\libm.a(fp_pscA.o)
                              C:/Users/sara_/Downloads/avr8-gnu-toolchain-4.0.0.52-win32.any.x86_64 (2)/avr8-gnu-toolchain-win32_x86_64/bin/../lib/gcc/avr/15.1.0/../../../../avr/lib/avr5\libm.a(addsf3x.o) (__fp_pscA)
C:/Users/sara_/Downloads/avr8-gnu-toolchain-4.0.0.52-win32.any.x86_64 (2)/avr8-gnu-toolchain-win32_x86_64/bin/../lib/gcc/avr/15.1.0/../../../../avr/lib/avr5\libm.a(fp_pscB.o)
                              C:/Users/sara_/Downloads/avr8-gnu-toolchain-4.0.0.52-win32.any.x86_64 (2)/avr8-gnu-toolchain-win32_x86_64/bin/../lib/gcc/avr/15.1.0/../../../../avr/lib/avr5\libm.a(addsf3x.o) (__fp_pscB)
C:/Users/sara_/Downloads/avr8-gnu-toolchain-4.0.0.52-win32.any.x86_64 (2)/avr8-gnu-toolchain-win32_x86_64/bin/../lib/gcc/avr/15.1.0/../../../../avr/lib/avr5\libm.a(fp_round.o)
                              C:/Users/sara_/Downloads/avr8-gnu-toolchain-4.0.0.52-win32.any.x86_64 (2)/avr8-gnu-toolchain-win32_x86_64/bin/../lib/gcc/avr/15.1.0/../../../../avr/lib/avr5\libm.a(addsf3.o) (__fp_round)
C:/Users/sara_/Downloads/avr8-gnu-toolchain-4.0.0.52-win32.any.x86_64 (2)/avr8-gnu-toolchain-win32_x86_64/bin/../lib/gcc/avr/15.1.0/../../../../avr/lib/avr5\libm.a(fp_split3.o)
                              C:/Users/sara_/Downloads/avr8-gnu-toolchain-4.0.0.52-win32.any.x86_64 (2)/avr8-gnu-toolchain-win32_x86_64/bin/../lib/gcc/avr/15.1.0/../../../../avr/lib/avr5\libm.a(addsf3x.o) (__fp_split3)
C:/Users/sara_/Downloads/avr8-gnu-toolchain-4.0.0.52-win32.any.x86_64 (2)/avr8-gnu-toolchain-win32_x86_64/bin/../lib/gcc/avr/15.1.0/../../../../avr/lib/avr5\libm.a(fp_zero.o)
                              C:/Users/sara_/Downloads/avr8-gnu-toolchain-4.0.0.52-win32.any.x86_64 (2)/avr8-gnu-toolchain-win32_x86_64/bin/../lib/gcc/avr/15.1.0/../../../../avr/lib/avr5\libm.a(addsf3x.o) (__fp_zero)
C:/Users/sara_/Downloads/avr8-gnu-toolchain-4.0.0.52-win32.any.x86_64 (2)/avr8-gnu-toolchain-win32_x86_64/bin/../lib/gcc/avr/15.1.0/../../../../avr/lib/avr5\libm.a(gesf2.o)
                              build/default/production/predict.o (__gtsf2)
C:/Users/sara_/Downloads/avr8-gnu-toolchain-4.0.0.52-win32.any.x86_64 (2)/avr8-gnu-toolchain-win32_x86_64/bin/../lib/gcc/avr/15.1.0/../../../../avr/lib/avr5\libm.a(mulsf3.o)
                              build/default/production/predict.o (__mulsf3)
C:/Users/sara_/Downloads/avr8-gnu-toolchain-4.0.0.52-win32.any.x86_64 (2)/avr8-gnu-toolchain-win32_x86_64/bin/../lib/gcc/avr/15.1.0/../../../../avr/lib/avr5\libm.a(mulsf3x.o)
                              C:/Users/sara_/Downloads/avr8-gnu-toolchain-4.0.0.52-win32.any.x86_64 (2)/avr8-gnu-toolchain-win32_x86_64/bin/../lib/gcc/avr/15.1.0/../../../../avr/lib/avr5\libm.a(mulsf3.o) (__mulsf3x)
C:/Users/sara_/Downloads/avr8-gnu-toolchain-4.0.0.52-win32.any.x86_64 (2)/avr8-gnu-toolchain-win32_x86_64/bin/../lib/gcc/avr/15.1.0/avr5\libgcc.a(_mulhisi3.o)
                              build/default/production/predict.o (__mulhisi3)
C:/Users/sara_/Downloads/avr8-gnu-toolchain-4.0.0.52-win32.any.x86_64 (2)/avr8-gnu-toolchain-win32_x86_64/bin/../lib/gcc/avr/15.1.0/avr5\libgcc.a(_umulhisi3.o)
                              build/default/production/predict.o (__umulhisi3)
C:/Users/sara_/Downloads/avr8-gnu-toolchain-4.0.0.52-win32.any.x86_64 (2)/avr8-gnu-toolchain-win32_x86_64/bin/../lib/gcc/avr/15.1.0/avr5\libgcc.a(_exit.o)
                              C:/Program Files/Microchip/MPLABX/v6.30/packs/Microchip/ATmega_DFP/3.5.296/gcc/dev/atmega32a/avr5/crtatmega32a.o (exit)
C:/Users/sara_/Downloads/avr8-gnu-toolchain-4.0.0.52-win32.any.x86_64 (2)/avr8-gnu-toolchain-win32_x86_64/bin/../lib/gcc/avr/15.1.0/avr5\libgcc.a(_copy_data.o)
                              build/default/production/predict.o (__do_copy_data)
C:/Users/sara_/Downloads/avr8-gnu-toolchain-4.0.0.52-win32.any.x86_64 (2)/avr8-gnu-toolchain-win32_x86_64/bin/../lib/gcc/avr/15.1.0/avr5\libgcc.a(_clear_bss.o)
                              build/default/production/predict.o (__do_clear_bss)
C:/Users/sara_/Downloads/avr8-gnu-toolchain-4.0.0.52-win32.any.x86_64 (2)/avr8-gnu-toolchain-win32_x86_64/bin/../lib/gcc/avr/15.1.0/avr5\libgcc.a(_usmulhisi3.o)
                              C:/Users/sara_/Downloads/avr8-gnu-toolchain-4.0.0.52-win32.any.x86_64 (2)/avr8-gnu-toolchain-win32_x86_64/bin/../lib/gcc/avr/15.1.0/avr5\libgcc.a(_mulhisi3.o) (__usmulhisi3_tail)

Discarded input sections

 .data          0x00000000        0x0 C:/Program Files/Microchip/MPLABX/v6.30/packs/Microchip/ATmega_DFP/3.5.296/gcc/dev/atmega32a/avr5/crtatmega32a.o
 .bss           0x00000000        0x0 C:/Program Files/Microchip/MPLABX/v6.30/packs/Microchip/ATmega_DFP/3.5.296/gcc/dev/atmega32a/avr5/crtatmega32a.o
 .text          0x00000000        0x0 build/default/production/predict.o
 .data          0x00000000        0x0 build/default/production/predict.o
 .bss           0x00000000        0x0 build/default/production/predict.o
 .text          0x00000000        0x0 C:/Users/sara_/Downloads/avr8-gnu-toolchain-4.0.0.52-win32.any.x86_64 (2)/avr8-gnu-toolchain-win32_x86_64/bin/../lib/gcc/avr/15.1.0/../../../../avr/lib/avr5\libm.a(addsf3.o)
 .data          0x00000000        0x0 C:/Users/sara_/Downloads/avr8-gnu-toolchain-4.0.0.52-win32.any.x86_64 (2)/avr8-gnu-toolchain-win32_x86_64/bin/../lib/gcc/avr/15.1.0/../../../../avr/lib/avr5\libm.a(addsf3.o)
 .bss           0x00000000        0x0 C:/Users/sara_/Downloads/avr8-gnu-toolchain-4.0.0.52-win32.any.x86_64 (2)/avr8-gnu-toolchain-win32_x86_64/bin/../lib/gcc/avr/15.1.0/../../../../avr/lib/avr5\libm.a(addsf3.o)
 .text          0x00000000        0x0 C:/Users/sara_/Downloads/avr8-gnu-toolchain-4.0.0.52-win32.any.x86_64 (2)/avr8-gnu-toolchain-win32_x86_64/bin/../lib/gcc/avr/15.1.0/../../../../avr/lib/avr5\libm.a(addsf3x.o)
 .data          0x00000000        0x0 C:/Users/sara_/Downloads/avr8-gnu-toolchain-4.0.0.52-win32.any.x86_64 (2)/avr8-gnu-toolchain-win32_x86_64/bin/../lib/gcc/avr/15.1.0/../../../../avr/lib/avr5\libm.a(addsf3x.o)
 .bss           0x00000000        0x0 C:/Users/sara_/Downloads/avr8-gnu-toolchain-4.0.0.52-win32.any.x86_64 (2)/avr8-gnu-toolchain-win32_x86_64/bin/../lib/gcc/avr/15.1.0/../../../../avr/lib/avr5\libm.a(addsf3x.o)
 .text          0x00000000        0x0 C:/Users/sara_/Downloads/avr8-gnu-toolchain-4.0.0.52-win32.any.x86_64 (2)/avr8-gnu-toolchain-win32_x86_64/bin/../lib/gcc/avr/15.1.0/../../../../avr/lib/avr5\libm.a(cmpsf2.o)
 .data          0x00000000        0x0 C:/Users/sara_/Downloads/avr8-gnu-toolchain-4.0.0.52-win32.any.x86_64 (2)/avr8-gnu-toolchain-win32_x86_64/bin/../lib/gcc/avr/15.1.0/../../../../avr/lib/avr5\libm.a(cmpsf2.o)
 .bss           0x00000000        0x0 C:/Users/sara_/Downloads/avr8-gnu-toolchain-4.0.0.52-win32.any.x86_64 (2)/avr8-gnu-toolchain-win32_x86_64/bin/../lib/gcc/avr/15.1.0/../../../../avr/lib/avr5\libm.a(cmpsf2.o)
 .text          0x00000000        0x0 C:/Users/sara_/Downloads/avr8-gnu-toolchain-4.0.0.52-win32.any.x86_64 (2)/avr8-gnu-toolchain-win32_x86_64/bin/../lib/gcc/avr/15.1.0/../../../../avr/lib/avr5\libm.a(divsf3.o)
 .data          0x00000000        0x0 C:/Users/sara_/Downloads/avr8-gnu-toolchain-4.0.0.52-win32.any.x86_64 (2)/avr8-gnu-toolchain-win32_x86_64/bin/../lib/gcc/avr/15.1.0/../../../../avr/lib/avr5\libm.a(divsf3.o)
 .bss           0x00000000        0x0 C:/Users/sara_/Downloads/avr8-gnu-toolchain-4.0.0.52-win32.any.x86_64 (2)/avr8-gnu-toolchain-win32_x86_64/bin/../lib/gcc/avr/15.1.0/../../../../avr/lib/avr5\libm.a(divsf3.o)
 .text          0x00000000        0x0 C:/Users/sara_/Downloads/avr8-gnu-toolchain-4.0.0.52-win32.any.x86_64 (2)/avr8-gnu-toolchain-win32_x86_64/bin/../lib/gcc/avr/15.1.0/../../../../avr/lib/avr5\libm.a(divsf3x.o)
 .data          0x00000000        0x0 C:/Users/sara_/Downloads/avr8-gnu-toolchain-4.0.0.52-win32.any.x86_64 (2)/avr8-gnu-toolchain-win32_x86_64/bin/../lib/gcc/avr/15.1.0/../../../../avr/lib/avr5\libm.a(divsf3x.o)
 .bss           0x00000000        0x0 C:/Users/sara_/Downloads/avr8-gnu-toolchain-4.0.0.52-win32.any.x86_64 (2)/avr8-gnu-toolchain-win32_x86_64/bin/../lib/gcc/avr/15.1.0/../../../../avr/lib/avr5\libm.a(divsf3x.o)
 .text          0x00000000        0x0 C:/Users/sara_/Downloads/avr8-gnu-toolchain-4.0.0.52-win32.any.x86_64 (2)/avr8-gnu-toolchain-win32_x86_64/bin/../lib/gcc/avr/15.1.0/../../../../avr/lib/avr5\libm.a(fixunssfsi.o)
 .data          0x00000000        0x0 C:/Users/sara_/Downloads/avr8-gnu-toolchain-4.0.0.52-win32.any.x86_64 (2)/avr8-gnu-toolchain-win32_x86_64/bin/../lib/gcc/avr/15.1.0/../../../../avr/lib/avr5\libm.a(fixunssfsi.o)
 .bss           0x00000000        0x0 C:/Users/sara_/Downloads/avr8-gnu-toolchain-4.0.0.52-win32.any.x86_64 (2)/avr8-gnu-toolchain-win32_x86_64/bin/../lib/gcc/avr/15.1.0/../../../../avr/lib/avr5\libm.a(fixunssfsi.o)
 .text          0x00000000        0x0 C:/Users/sara_/Downloads/avr8-gnu-toolchain-4.0.0.52-win32.any.x86_64 (2)/avr8-gnu-toolchain-win32_x86_64/bin/../lib/gcc/avr/15.1.0/../../../../avr/lib/avr5\libm.a(floatsisf.o)
 .data          0x00000000        0x0 C:/Users/sara_/Downloads/avr8-gnu-toolchain-4.0.0.52-win32.any.x86_64 (2)/avr8-gnu-toolchain-win32_x86_64/bin/../lib/gcc/avr/15.1.0/../../../../avr/lib/avr5\libm.a(floatsisf.o)
 .bss           0x00000000        0x0 C:/Users/sara_/Downloads/avr8-gnu-toolchain-4.0.0.52-win32.any.x86_64 (2)/avr8-gnu-toolchain-win32_x86_64/bin/../lib/gcc/avr/15.1.0/../../../../avr/lib/avr5\libm.a(floatsisf.o)
 .text          0x00000000        0x0 C:/Users/sara_/Downloads/avr8-gnu-toolchain-4.0.0.52-win32.any.x86_64 (2)/avr8-gnu-toolchain-win32_x86_64/bin/../lib/gcc/avr/15.1.0/../../../../avr/lib/avr5\libm.a(fp_cmp.o)
 .data          0x00000000        0x0 C:/Users/sara_/Downloads/avr8-gnu-toolchain-4.0.0.52-win32.any.x86_64 (2)/avr8-gnu-toolchain-win32_x86_64/bin/../lib/gcc/avr/15.1.0/../../../../avr/lib/avr5\libm.a(fp_cmp.o)
 .bss           0x00000000        0x0 C:/Users/sara_/Downloads/avr8-gnu-toolchain-4.0.0.52-win32.any.x86_64 (2)/avr8-gnu-toolchain-win32_x86_64/bin/../lib/gcc/avr/15.1.0/../../../../avr/lib/avr5\libm.a(fp_cmp.o)
 .text          0x00000000        0x0 C:/Users/sara_/Downloads/avr8-gnu-toolchain-4.0.0.52-win32.any.x86_64 (2)/avr8-gnu-toolchain-win32_x86_64/bin/../lib/gcc/avr/15.1.0/../../../../avr/lib/avr5\libm.a(fp_inf.o)
 .data          0x00000000        0x0 C:/Users/sara_/Downloads/avr8-gnu-toolchain-4.0.0.52-win32.any.x86_64 (2)/avr8-gnu-toolchain-win32_x86_64/bin/../lib/gcc/avr/15.1.0/../../../../avr/lib/avr5\libm.a(fp_inf.o)
 .bss           0x00000000        0x0 C:/Users/sara_/Downloads/avr8-gnu-toolchain-4.0.0.52-win32.any.x86_64 (2)/avr8-gnu-toolchain-win32_x86_64/bin/../lib/gcc/avr/15.1.0/../../../../avr/lib/avr5\libm.a(fp_inf.o)
 .text          0x00000000        0x0 C:/Users/sara_/Downloads/avr8-gnu-toolchain-4.0.0.52-win32.any.x86_64 (2)/avr8-gnu-toolchain-win32_x86_64/bin/../lib/gcc/avr/15.1.0/../../../../avr/lib/avr5\libm.a(fp_nan.o)
 .data          0x00000000        0x0 C:/Users/sara_/Downloads/avr8-gnu-toolchain-4.0.0.52-win32.any.x86_64 (2)/avr8-gnu-toolchain-win32_x86_64/bin/../lib/gcc/avr/15.1.0/../../../../avr/lib/avr5\libm.a(fp_nan.o)
 .bss           0x00000000        0x0 C:/Users/sara_/Downloads/avr8-gnu-toolchain-4.0.0.52-win32.any.x86_64 (2)/avr8-gnu-toolchain-win32_x86_64/bin/../lib/gcc/avr/15.1.0/../../../../avr/lib/avr5\libm.a(fp_nan.o)
 .text          0x00000000        0x0 C:/Users/sara_/Downloads/avr8-gnu-toolchain-4.0.0.52-win32.any.x86_64 (2)/avr8-gnu-toolchain-win32_x86_64/bin/../lib/gcc/avr/15.1.0/../../../../avr/lib/avr5\libm.a(fp_pscA.o)
 .data          0x00000000        0x0 C:/Users/sara_/Downloads/avr8-gnu-toolchain-4.0.0.52-win32.any.x86_64 (2)/avr8-gnu-toolchain-win32_x86_64/bin/../lib/gcc/avr/15.1.0/../../../../avr/lib/avr5\libm.a(fp_pscA.o)
 .bss           0x00000000        0x0 C:/Users/sara_/Downloads/avr8-gnu-toolchain-4.0.0.52-win32.any.x86_64 (2)/avr8-gnu-toolchain-win32_x86_64/bin/../lib/gcc/avr/15.1.0/../../../../avr/lib/avr5\libm.a(fp_pscA.o)
 .text          0x00000000        0x0 C:/Users/sara_/Downloads/avr8-gnu-toolchain-4.0.0.52-win32.any.x86_64 (2)/avr8-gnu-toolchain-win32_x86_64/bin/../lib/gcc/avr/15.1.0/../../../../avr/lib/avr5\libm.a(fp_pscB.o)
 .data          0x00000000        0x0 C:/Users/sara_/Downloads/avr8-gnu-toolchain-4.0.0.52-win32.any.x86_64 (2)/avr8-gnu-toolchain-win32_x86_64/bin/../lib/gcc/avr/15.1.0/../../../../avr/lib/avr5\libm.a(fp_pscB.o)
 .bss           0x00000000        0x0 C:/Users/sara_/Downloads/avr8-gnu-toolchain-4.0.0.52-win32.any.x86_64 (2)/avr8-gnu-toolchain-win32_x86_64/bin/../lib/gcc/avr/15.1.0/../../../../avr/lib/avr5\libm.a(fp_pscB.o)
 .text          0x00000000        0x0 C:/Users/sara_/Downloads/avr8-gnu-toolchain-4.0.0.52-win32.any.x86_64 (2)/avr8-gnu-toolchain-win32_x86_64/bin/../lib/gcc/avr/15.1.0/../../../../avr/lib/avr5\libm.a(fp_round.o)
 .data          0x00000000        0x0 C:/Users/sara_/Downloads/avr8-gnu-toolchain-4.0.0.52-win32.any.x86_64 (2)/avr8-gnu-toolchain-win32_x86_64/bin/../lib/gcc/avr/15.1.0/../../../../avr/lib/avr5\libm.a(fp_round.o)
 .bss           0x00000000        0x0 C:/Users/sara_/Downloads/avr8-gnu-toolchain-4.0.0.52-win32.any.x86_64 (2)/avr8-gnu-toolchain-win32_x86_64/bin/../lib/gcc/avr/15.1.0/../../../../avr/lib/avr5\libm.a(fp_round.o)
 .text          0x00000000        0x0 C:/Users/sara_/Downloads/avr8-gnu-toolchain-4.0.0.52-win32.any.x86_64 (2)/avr8-gnu-toolchain-win32_x86_64/bin/../lib/gcc/avr/15.1.0/../../../../avr/lib/avr5\libm.a(fp_split3.o)
 .data          0x00000000        0x0 C:/Users/sara_/Downloads/avr8-gnu-toolchain-4.0.0.52-win32.any.x86_64 (2)/avr8-gnu-toolchain-win32_x86_64/bin/../lib/gcc/avr/15.1.0/../../../../avr/lib/avr5\libm.a(fp_split3.o)
 .bss           0x00000000        0x0 C:/Users/sara_/Downloads/avr8-gnu-toolchain-4.0.0.52-win32.any.x86_64 (2)/avr8-gnu-toolchain-win32_x86_64/bin/../lib/gcc/avr/15.1.0/../../../../avr/lib/avr5\libm.a(fp_split3.o)
 .text          0x00000000        0x0 C:/Users/sara_/Downloads/avr8-gnu-toolchain-4.0.0.52-win32.any.x86_64 (2)/avr8-gnu-toolchain-win32_x86_64/bin/../lib/gcc/avr/15.1.0/../../../../avr/lib/avr5\libm.a(fp_zero.o)
 .data          0x00000000        0x0 C:/Users/sara_/Downloads/avr8-gnu-toolchain-4.0.0.52-win32.any.x86_64 (2)/avr8-gnu-toolchain-win32_x86_64/bin/../lib/gcc/avr/15.1.0/../../../../avr/lib/avr5\libm.a(fp_zero.o)
 .bss           0x00000000        0x0 C:/Users/sara_/Downloads/avr8-gnu-toolchain-4.0.0.52-win32.any.x86_64 (2)/avr8-gnu-toolchain-win32_x86_64/bin/../lib/gcc/avr/15.1.0/../../../../avr/lib/avr5\libm.a(fp_zero.o)
 .text          0x00000000        0x0 C:/Users/sara_/Downloads/avr8-gnu-toolchain-4.0.0.52-win32.any.x86_64 (2)/avr8-gnu-toolchain-win32_x86_64/bin/../lib/gcc/avr/15.1.0/../../../../avr/lib/avr5\libm.a(gesf2.o)
 .data          0x00000000        0x0 C:/Users/sara_/Downloads/avr8-gnu-toolchain-4.0.0.52-win32.any.x86_64 (2)/avr8-gnu-toolchain-win32_x86_64/bin/../lib/gcc/avr/15.1.0/../../../../avr/lib/avr5\libm.a(gesf2.o)
 .bss           0x00000000        0x0 C:/Users/sara_/Downloads/avr8-gnu-toolchain-4.0.0.52-win32.any.x86_64 (2)/avr8-gnu-toolchain-win32_x86_64/bin/../lib/gcc/avr/15.1.0/../../../../avr/lib/avr5\libm.a(gesf2.o)
 .text          0x00000000        0x0 C:/Users/sara_/Downloads/avr8-gnu-toolchain-4.0.0.52-win32.any.x86_64 (2)/avr8-gnu-toolchain-win32_x86_64/bin/../lib/gcc/avr/15.1.0/../../../../avr/lib/avr5\libm.a(mulsf3.o)
 .data          0x00000000        0x0 C:/Users/sara_/Downloads/avr8-gnu-toolchain-4.0.0.52-win32.any.x86_64 (2)/avr8-gnu-toolchain-win32_x86_64/bin/../lib/gcc/avr/15.1.0/../../../../avr/lib/avr5\libm.a(mulsf3.o)
 .bss           0x00000000        0x0 C:/Users/sara_/Downloads/avr8-gnu-toolchain-4.0.0.52-win32.any.x86_64 (2)/avr8-gnu-toolchain-win32_x86_64/bin/../lib/gcc/avr/15.1.0/../../../../avr/lib/avr5\libm.a(mulsf3.o)
 .text          0x00000000        0x0 C:/Users/sara_/Downloads/avr8-gnu-toolchain-4.0.0.52-win32.any.x86_64 (2)/avr8-gnu-toolchain-win32_x86_64/bin/../lib/gcc/avr/15.1.0/../../../../avr/lib/avr5\libm.a(mulsf3x.o)
 .data          0x00000000        0x0 C:/Users/sara_/Downloads/avr8-gnu-toolchain-4.0.0.52-win32.any.x86_64 (2)/avr8-gnu-toolchain-win32_x86_64/bin/../lib/gcc/avr/15.1.0/../../../../avr/lib/avr5\libm.a(mulsf3x.o)
 .bss           0x00000000        0x0 C:/Users/sara_/Downloads/avr8-gnu-toolchain-4.0.0.52-win32.any.x86_64 (2)/avr8-gnu-toolchain-win32_x86_64/bin/../lib/gcc/avr/15.1.0/../../../../avr/lib/avr5\libm.a(mulsf3x.o)
 .text          0x00000000        0x0 C:/Users/sara_/Downloads/avr8-gnu-toolchain-4.0.0.52-win32.any.x86_64 (2)/avr8-gnu-toolchain-win32_x86_64/bin/../lib/gcc/avr/15.1.0/avr5\libgcc.a(_mulhisi3.o)
 .data          0x00000000        0x0 C:/Users/sara_/Downloads/avr8-gnu-toolchain-4.0.0.52-win32.any.x86_64 (2)/avr8-gnu-toolchain-win32_x86_64/bin/../lib/gcc/avr/15.1.0/avr5\libgcc.a(_mulhisi3.o)
 .bss           0x00000000        0x0 C:/Users/sara_/Downloads/avr8-gnu-toolchain-4.0.0.52-win32.any.x86_64 (2)/avr8-gnu-toolchain-win32_x86_64/bin/../lib/gcc/avr/15.1.0/avr5\libgcc.a(_mulhisi3.o)
 .text.libgcc.div
                0x00000000        0x0 C:/Users/sara_/Downloads/avr8-gnu-toolchain-4.0.0.52-win32.any.x86_64 (2)/avr8-gnu-toolchain-win32_x86_64/bin/../lib/gcc/avr/15.1.0/avr5\libgcc.a(_mulhisi3.o)
 .text.libgcc   0x00000000        0x0 C:/Users/sara_/Downloads/avr8-gnu-toolchain-4.0.0.52-win32.any.x86_64 (2)/avr8-gnu-toolchain-win32_x86_64/bin/../lib/gcc/avr/15.1.0/avr5\libgcc.a(_mulhisi3.o)
 .text.libgcc.prologue
                0x00000000        0x0 C:/Users/sara_/Downloads/avr8-gnu-toolchain-4.0.0.52-win32.any.x86_64 (2)/avr8-gnu-toolchain-win32_x86_64/bin/../lib/gcc/avr/15.1.0/avr5\libgcc.a(_mulhisi3.o)
 .text.libgcc.builtins
                0x00000000        0x0 C:/Users/sara_/Downloads/avr8-gnu-toolchain-4.0.0.52-win32.any.x86_64 (2)/avr8-gnu-toolchain-win32_x86_64/bin/../lib/gcc/avr/15.1.0/avr5\libgcc.a(_mulhisi3.o)
 .text.libgcc.fmul
                0x00000000        0x0 C:/Users/sara_/Downloads/avr8-gnu-toolchain-4.0.0.52-win32.any.x86_64 (2)/avr8-gnu-toolchain-win32_x86_64/bin/../lib/gcc/avr/15.1.0/avr5\libgcc.a(_mulhisi3.o)
 .text.libgcc.fixed
                0x00000000        0x0 C:/Users/sara_/Downloads/avr8-gnu-toolchain-4.0.0.52-win32.any.x86_64 (2)/avr8-gnu-toolchain-win32_x86_64/bin/../lib/gcc/avr/15.1.0/avr5\libgcc.a(_mulhisi3.o)
 .text          0x00000000        0x0 C:/Users/sara_/Downloads/avr8-gnu-toolchain-4.0.0.52-win32.any.x86_64 (2)/avr8-gnu-toolchain-win32_x86_64/bin/../lib/gcc/avr/15.1.0/avr5\libgcc.a(_umulhisi3.o)
 .data          0x00000000        0x0 C:/Users/sara_/Downloads/avr8-gnu-toolchain-4.0.0.52-win32.any.x86_64 (2)/avr8-gnu-toolchain-win32_x86_64/bin/../lib/gcc/avr/15.1.0/avr5\libgcc.a(_umulhisi3.o)
 .bss           0x00000000        0x0 C:/Users/sara_/Downloads/avr8-gnu-toolchain-4.0.0.52-win32.any.x86_64 (2)/avr8-gnu-toolchain-win32_x86_64/bin/../lib/gcc/avr/15.1.0/avr5\libgcc.a(_umulhisi3.o)
 .text.libgcc.div
                0x00000000        0x0 C:/Users/sara_/Downloads/avr8-gnu-toolchain-4.0.0.52-win32.any.x86_64 (2)/avr8-gnu-toolchain-win32_x86_64/bin/../lib/gcc/avr/15.1.0/avr5\libgcc.a(_umulhisi3.o)
 .text.libgcc   0x00000000        0x0 C:/Users/sara_/Downloads/avr8-gnu-toolchain-4.0.0.52-win32.any.x86_64 (2)/avr8-gnu-toolchain-win32_x86_64/bin/../lib/gcc/avr/15.1.0/avr5\libgcc.a(_umulhisi3.o)
 .text.libgcc.prologue
                0x00000000        0x0 C:/Users/sara_/Downloads/avr8-gnu-toolchain-4.0.0.52-win32.any.x86_64 (2)/avr8-gnu-toolchain-win32_x86_64/bin/../lib/gcc/avr/15.1.0/avr5\libgcc.a(_umulhisi3.o)
 .text.libgcc.builtins
                0x00000000        0x0 C:/Users/sara_/Downloads/avr8-gnu-toolchain-4.0.0.52-win32.any.x86_64 (2)/avr8-gnu-toolchain-win32_x86_64/bin/../lib/gcc/avr/15.1.0/avr5\libgcc.a(_umulhisi3.o)
 .text.libgcc.fmul
                0x00000000        0x0 C:/Users/sara_/Downloads/avr8-gnu-toolchain-4.0.0.52-win32.any.x86_64 (2)/avr8-gnu-toolchain-win32_x86_64/bin/../lib/gcc/avr/15.1.0/avr5\libgcc.a(_umulhisi3.o)
 .text.libgcc.fixed
                0x00000000        0x0 C:/Users/sara_/Downloads/avr8-gnu-toolchain-4.0.0.52-win32.any.x86_64 (2)/avr8-gnu-toolchain-win32_x86_64/bin/../lib/gcc/avr/15.1.0/avr5\libgcc.a(_umulhisi3.o)
 .text          0x00000000        0x0 C:/Users/sara_/Downloads/avr8-gnu-toolchain-4.0.0.52-win32.any.x86_64 (2)/avr8-gnu-toolchain-win32_x86_64/bin/../lib/gcc/avr/15.1.0/avr5\libgcc.a(_exit.o)
 .data          0x00000000        0x0 C:/Users/sara_/Downloads/avr8-gnu-toolchain-4.0.0.52-win32.any.x86_64 (2)/avr8-gnu-toolchain-win32_x86_64/bin/../lib/gcc/avr/15.1.0/avr5\libgcc.a(_exit.o)
 .bss           0x00000000        0x0 C:/Users/sara_/Downloads/avr8-gnu-toolchain-4.0.0.52-win32.any.x86_64 (2)/avr8-gnu-toolchain-win32_x86_64/bin/../lib/gcc/avr/15.1.0/avr5\libgcc.a(_exit.o)
 .text.libgcc.mul
                0x00000000        0x0 C:/Users/sara_/Downloads/avr8-gnu-toolchain-4.0.0.52-win32.any.x86_64 (2)/avr8-gnu-toolchain-win32_x86_64/bin/../lib/gcc/avr/15.1.0/avr5\libgcc.a(_exit.o)
 .text.libgcc.div
                0x00000000        0x0 C:/Users/sara_/Downloads/avr8-gnu-toolchain-4.0.0.52-win32.any.x86_64 (2)/avr8-gnu-toolchain-win32_x86_64/bin/../lib/gcc/avr/15.1.0/avr5\libgcc.a(_exit.o)
 .text.libgcc   0x00000000        0x0 C:/Users/sara_/Downloads/avr8-gnu-toolchain-4.0.0.52-win32.any.x86_64 (2)/avr8-gnu-toolchain-win32_x86_64/bin/../lib/gcc/avr/15.1.0/avr5\libgcc.a(_exit.o)
 .text.libgcc.prologue
                0x00000000        0x0 C:/Users/sara_/Downloads/avr8-gnu-toolchain-4.0.0.52-win32.any.x86_64 (2)/avr8-gnu-toolchain-win32_x86_64/bin/../lib/gcc/avr/15.1.0/avr5\libgcc.a(_exit.o)
 .text.libgcc.builtins
                0x00000000        0x0 C:/Users/sara_/Downloads/avr8-gnu-toolchain-4.0.0.52-win32.any.x86_64 (2)/avr8-gnu-toolchain-win32_x86_64/bin/../lib/gcc/avr/15.1.0/avr5\libgcc.a(_exit.o)
 .text.libgcc.fmul
                0x00000000        0x0 C:/Users/sara_/Downloads/avr8-gnu-toolchain-4.0.0.52-win32.any.x86_64 (2)/avr8-gnu-toolchain-win32_x86_64/bin/../lib/gcc/avr/15.1.0/avr5\libgcc.a(_exit.o)
 .text.libgcc.fixed
                0x00000000        0x0 C:/Users/sara_/Downloads/avr8-gnu-toolchain-4.0.0.52-win32.any.x86_64 (2)/avr8-gnu-toolchain-win32_x86_64/bin/../lib/gcc/avr/15.1.0/avr5\libgcc.a(_exit.o)
 .text          0x00000000        0x0 C:/Users/sara_/Downloads/avr8-gnu-toolchain-4.0.0.52-win32.any.x86_64 (2)/avr8-gnu-toolchain-win32_x86_64/bin/../lib/gcc/avr/15.1.0/avr5\libgcc.a(_copy_data.o)
 .data          0x00000000        0x0 C:/Users/sara_/Downloads/avr8-gnu-toolchain-4.0.0.52-win32.any.x86_64 (2)/avr8-gnu-toolchain-win32_x86_64/bin/../lib/gcc/avr/15.1.0/avr5\libgcc.a(_copy_data.o)
 .bss           0x00000000        0x0 C:/Users/sara_/Downloads/avr8-gnu-toolchain-4.0.0.52-win32.any.x86_64 (2)/avr8-gnu-toolchain-win32_x86_64/bin/../lib/gcc/avr/15.1.0/avr5\libgcc.a(_copy_data.o)
 .text.libgcc.mul
                0x00000000        0x0 C:/Users/sara_/Downloads/avr8-gnu-toolchain-4.0.0.52-win32.any.x86_64 (2)/avr8-gnu-toolchain-win32_x86_64/bin/../lib/gcc/avr/15.1.0/avr5\libgcc.a(_copy_data.o)
 .text.libgcc.div
                0x00000000        0x0 C:/Users/sara_/Downloads/avr8-gnu-toolchain-4.0.0.52-win32.any.x86_64 (2)/avr8-gnu-toolchain-win32_x86_64/bin/../lib/gcc/avr/15.1.0/avr5\libgcc.a(_copy_data.o)
 .text.libgcc   0x00000000        0x0 C:/Users/sara_/Downloads/avr8-gnu-toolchain-4.0.0.52-win32.any.x86_64 (2)/avr8-gnu-toolchain-win32_x86_64/bin/../lib/gcc/avr/15.1.0/avr5\libgcc.a(_copy_data.o)
 .text.libgcc.prologue
                0x00000000        0x0 C:/Users/sara_/Downloads/avr8-gnu-toolchain-4.0.0.52-win32.any.x86_64 (2)/avr8-gnu-toolchain-win32_x86_64/bin/../lib/gcc/avr/15.1.0/avr5\libgcc.a(_copy_data.o)
 .text.libgcc.builtins
                0x00000000        0x0 C:/Users/sara_/Downloads/avr8-gnu-toolchain-4.0.0.52-win32.any.x86_64 (2)/avr8-gnu-toolchain-win32_x86_64/bin/../lib/gcc/avr/15.1.0/avr5\libgcc.a(_copy_data.o)
 .text.libgcc.fmul
                0x00000000        0x0 C:/Users/sara_/Downloads/avr8-gnu-toolchain-4.0.0.52-win32.any.x86_64 (2)/avr8-gnu-toolchain-win32_x86_64/bin/../lib/gcc/avr/15.1.0/avr5\libgcc.a(_copy_data.o)
 .text.libgcc.fixed
                0x00000000        0x0 C:/Users/sara_/Downloads/avr8-gnu-toolchain-4.0.0.52-win32.any.x86_64 (2)/avr8-gnu-toolchain-win32_x86_64/bin/../lib/gcc/avr/15.1.0/avr5\libgcc.a(_copy_data.o)
 .text          0x00000000        0x0 C:/Users/sara_/Downloads/avr8-gnu-toolchain-4.0.0.52-win32.any.x86_64 (2)/avr8-gnu-toolchain-win32_x86_64/bin/../lib/gcc/avr/15.1.0/avr5\libgcc.a(_clear_bss.o)
 .data          0x00000000        0x0 C:/Users/sara_/Downloads/avr8-gnu-toolchain-4.0.0.52-win32.any.x86_64 (2)/avr8-gnu-toolchain-win32_x86_64/bin/../lib/gcc/avr/15.1.0/avr5\libgcc.a(_clear_bss.o)
 .bss           0x00000000        0x0 C:/Users/sara_/Downloads/avr8-gnu-toolchain-4.0.0.52-win32.any.x86_64 (2)/avr8-gnu-toolchain-win32_x86_64/bin/../lib/gcc/avr/15.1.0/avr5\libgcc.a(_clear_bss.o)
 .text.libgcc.mul
                0x00000000        0x0 C:/Users/sara_/Downloads/avr8-gnu-toolchain-4.0.0.52-win32.any.x86_64 (2)/avr8-gnu-toolchain-win32_x86_64/bin/../lib/gcc/avr/15.1.0/avr5\libgcc.a(_clear_bss.o)
 .text.libgcc.div
                0x00000000        0x0 C:/Users/sara_/Downloads/avr8-gnu-toolchain-4.0.0.52-win32.any.x86_64 (2)/avr8-gnu-toolchain-win32_x86_64/bin/../lib/gcc/avr/15.1.0/avr5\libgcc.a(_clear_bss.o)
 .text.libgcc   0x00000000        0x0 C:/Users/sara_/Downloads/avr8-gnu-toolchain-4.0.0.52-win32.any.x86_64 (2)/avr8-gnu-toolchain-win32_x86_64/bin/../lib/gcc/avr/15.1.0/avr5\libgcc.a(_clear_bss.o)
 .text.libgcc.prologue
                0x00000000        0x0 C:/Users/sara_/Downloads/avr8-gnu-toolchain-4.0.0.52-win32.any.x86_64 (2)/avr8-gnu-toolchain-win32_x86_64/bin/../lib/gcc/avr/15.1.0/avr5\libgcc.a(_clear_bss.o)
 .text.libgcc.builtins
                0x00000000        0x0 C:/Users/sara_/Downloads/avr8-gnu-toolchain-4.0.0.52-win32.any.x86_64 (2)/avr8-gnu-toolchain-win32_x86_64/bin/../lib/gcc/avr/15.1.0/avr5\libgcc.a(_clear_bss.o)
 .text.libgcc.fmul
                0x00000000        0x0 C:/Users/sara_/Downloads/avr8-gnu-toolchain-4.0.0.52-win32.any.x86_64 (2)/avr8-gnu-toolchain-win32_x86_64/bin/../lib/gcc/avr/15.1.0/avr5\libgcc.a(_clear_bss.o)
 .text.libgcc.fixed
                0x00000000        0x0 C:/Users/sara_/Downloads/avr8-gnu-toolchain-4.0.0.52-win32.any.x86_64 (2)/avr8-gnu-toolchain-win32_x86_64/bin/../lib/gcc/avr/15.1.0/avr5\libgcc.a(_clear_bss.o)
 .text          0x00000000        0x0 C:/Users/sara_/Downloads/avr8-gnu-toolchain-4.0.0.52-win32.any.x86_64 (2)/avr8-gnu-toolchain-win32_x86_64/bin/../lib/gcc/avr/15.1.0/avr5\libgcc.a(_usmulhisi3.o)
 .data          0x00000000        0x0 C:/Users/sara_/Downloads/avr8-gnu-toolchain-4.0.0.52-win32.any.x86_64 (2)/avr8-gnu-toolchain-win32_x86_64/bin/../lib/gcc/avr/15.1.0/avr5\libgcc.a(_usmulhisi3.o)
 .bss           0x00000000        0x0 C:/Users/sara_/Downloads/avr8-gnu-toolchain-4.0.0.52-win32.any.x86_64 (2)/avr8-gnu-toolchain-win32_x86_64/bin/../lib/gcc/avr/15.1.0/avr5\libgcc.a(_usmulhisi3.o)
 .text.libgcc.div
                0x00000000        0x0 C:/Users/sara_/Downloads/avr8-gnu-toolchain-4.0.0.52-win32.any.x86_64 (2)/avr8-gnu-toolchain-win32_x86_64/bin/../lib/gcc/avr/15.1.0/avr5\libgcc.a(_usmulhisi3.o)
 .text.libgcc   0x00000000        0x0 C:/Users/sara_/Downloads/avr8-gnu-toolchain-4.0.0.52-win32.any.x86_64 (2)/avr8-gnu-toolchain-win32_x86_64/bin/../lib/gcc/avr/15.1.0/avr5\libgcc.a(_usmulhisi3.o)
 .text.libgcc.prologue
                0x00000000        0x0 C:/Users/sara_/Downloads/avr8-gnu-toolchain-4.0.0.52-win32.any.x86_64 (2)/avr8-gnu-toolchain-win32_x86_64/bin/../lib/gcc/avr/15.1.0/avr5\libgcc.a(_usmulhisi3.o)
 .text.libgcc.builtins
                0x00000000        0x0 C:/Users/sara_/Downloads/avr8-gnu-toolchain-4.0.0.52-win32.any.x86_64 (2)/avr8-gnu-toolchain-win32_x86_64/bin/../lib/gcc/avr/15.1.0/avr5\libgcc.a(_usmulhisi3.o)
 .text.libgcc.fmul
                0x00000000        0x0 C:/Users/sara_/Downloads/avr8-gnu-toolchain-4.0.0.52-win32.any.x86_64 (2)/avr8-gnu-toolchain-win32_x86_64/bin/../lib/gcc/avr/15.1.0/avr5\libgcc.a(_usmulhisi3.o)
 .text.libgcc.fixed
                0x00000000        0x0 C:/Users/sara_/Downloads/avr8-gnu-toolchain-4.0.0.52-win32.any.x86_64 (2)/avr8-gnu-toolchain-win32_x86_64/bin/../lib/gcc/avr/15.1.0/avr5\libgcc.a(_usmulhisi3.o)

Memory Configuration

Name             Origin             Length             Attributes
text             0x00000000         0x00008000         xr
data             0x00800060         0x00000800         rw!x
eeprom           0x00810000         0x00000400         rw!x
fuse             0x00820000         0x00000002         rw!x
lock             0x00830000         0x00000400         rw!x
signature        0x00840000         0x00000400         rw!x
user_signatures  0x00850000         0x00000400         rw!x
*default*        0x00000000         0xffffffff

Linker script and memory map

LOAD C:/Program Files/Microchip/MPLABX/v6.30/packs/Microchip/ATmega_DFP/3.5.296/gcc/dev/atmega32a/avr5/crtatmega32a.o
LOAD build/default/production/predict.o
                0x00000001                        __MPLAB_BUILD = 0x1
START GROUP
LOAD C:/Users/sara_/Downloads/avr8-gnu-toolchain-4.0.0.52-win32.any.x86_64 (2)/avr8-gnu-toolchain-win32_x86_64/bin/../lib/gcc/avr/15.1.0/../../../../avr/lib/avr5\libm.a
END GROUP
START GROUP
LOAD C:/Users/sara_/Downloads/avr8-gnu-toolchain-4.0.0.52-win32.any.x86_64 (2)/avr8-gnu-toolchain-win32_x86_64/bin/../lib/gcc/avr/15.1.0/avr5\libgcc.a
LOAD C:/Users/sara_/Downloads/avr8-gnu-toolchain-4.0.0.52-win32.any.x86_64 (2)/avr8-gnu-toolchain-win32_x86_64/bin/../lib/gcc/avr/15.1.0/../../../../avr/lib/avr5\libm.a
LOAD C:/Users/sara_/Downloads/avr8-gnu-toolchain-4.0.0.52-win32.any.x86_64 (2)/avr8-gnu-toolchain-win32_x86_64/bin/../lib/gcc/avr/15.1.0/../../../../avr/lib/avr5\libc.a
LOAD C:/Program Files/Microchip/MPLABX/v6.30/packs/Microchip/ATmega_DFP/3.5.296/gcc/dev/atmega32a/avr5\libatmega32a.a
END GROUP
                [0x00000000]                      __TEXT_REGION_ORIGIN__ = DEFINED (__TEXT_REGION_ORIGIN__)?__TEXT_REGION_ORIGIN__:0x0
                [0x00008000]                      __TEXT_REGION_LENGTH__ = DEFINED (__TEXT_REGION_LENGTH__)?__TEXT_REGION_LENGTH__:0x20000
                [0x00800060]                      __DATA_REGION_ORIGIN__ = DEFINED (__DATA_REGION_ORIGIN__)?__DATA_REGION_ORIGIN__:0x800060
                [0x00000800]                      __DATA_REGION_LENGTH__ = DEFINED (__DATA_REGION_LENGTH__)?__DATA_REGION_LENGTH__:0xffa0
                [0x00000400]                      __EEPROM_REGION_LENGTH__ = DEFINED (__EEPROM_REGION_LENGTH__)?__EEPROM_REGION_LENGTH__:0x10000
                [0x00000002]                      __FUSE_REGION_LENGTH__ = DEFINED (__FUSE_REGION_LENGTH__)?__FUSE_REGION_LENGTH__:0x400
                0x00000400                        __LOCK_REGION_LENGTH__ = DEFINED (__LOCK_REGION_LENGTH__)?__LOCK_REGION_LENGTH__:0x400
                0x00000400                        __SIGNATURE_REGION_LENGTH__ = DEFINED (__SIGNATURE_REGION_LENGTH__)?__SIGNATURE_REGION_LENGTH__:0x400
                0x00000400                        __USER_SIGNATURE_REGION_LENGTH__ = DEFINED (__USER_SIGNATURE_REGION_LENGTH__)?__USER_SIGNATURE_REGION_LENGTH__:0x400

.hash
 *(.hash)

.dynsym
 *(.dynsym)

.dynstr
 *(.dynstr)

.gnu.version
 *(.gnu.version)

.gnu.version_d
 *(.gnu.version_d)

.gnu.version_r
 *(.gnu.version_r)

.rel.init
 *(.rel.init)

.rela.init
 *(.rela.init)

.rel.text
 *(.rel.text)
 *(.rel.text.*)
 *(.rel.gnu.linkonce.t*)

.rela.text
 *(.rela.text)
 *(.rela.text.*)
 *(.rela.gnu.linkonce.t*)

.rel.fini
 *(.rel.fini)

.rela.fini
 *(.rela.fini)

.rel.rodata
 *(.rel.rodata)
 *(.rel.rodata.*)
 *(.rel.gnu.linkonce.r*)

.rela.rodata
 *(.rela.rodata)
 *(.rela.rodata.*)
 *(.rela.gnu.linkonce.r*)

.rel.data
 *(.rel.data)
 *(.rel.data.*)
 *(.rel.gnu.linkonce.d*)

.rela.data
 *(.rela.data)
 *(.rela.data.*)
 *(.rela.gnu.linkonce.d*)

.rel.ctors
 *(.rel.ctors)

.rela.ctors
 *(.rela.ctors)

.rel.dtors
 *(.rel.dtors)

.rela.dtors
 *(.rela.dtors)

.rel.got
 *(.rel.got)

.rela.got
 *(.rela.got)

.rel.bss
 *(.rel.bss)

.rela.bss
 *(.rela.bss)

.rel.plt
 *(.rel.plt)

.rela.plt
 *(.rela.plt)

.text           0x00000000     0x1854
 *(.vectors)
 .vectors       0x00000000       0x54 C:/Program Files/Microchip/MPLABX/v6.30/packs/Microchip/ATmega_DFP/3.5.296/gcc/dev/atmega32a/avr5/crtatmega32a.o
                0x00000000                __vector_default
                0x00000000                __vectors
 *(.vectors)
 *(.progmem.gcc*)
                0x00000054                        . = ALIGN (0x2)
                0x00000054                        __trampolines_start = .
 *(.trampolines)
 .trampolines   0x00000054        0x0 linker stubs
 *(.trampolines*)
                0x00000054                        __trampolines_end = .
 *libprintf_flt.a:*(.progmem.data)
 *libc.a:*(.progmem.data)
 *(.progmem.*)
 .progmem.data.word_templates
                0x00000054      0x140 build/default/production/predict.o
                0x00000194                        . = ALIGN (0x2)
 *(.lowtext)
 *(.lowtext*)
                0x00000194                        __ctors_start = .
 *(.ctors)
                0x00000194                        __ctors_end = .
                0x00000194                        __dtors_start = .
 *(.dtors)
                0x00000194                        __dtors_end = .
 SORT_BY_NAME(*)(.ctors)
 SORT_BY_NAME(*)(.dtors)
 *(.init0)
 .init0         0x00000194        0x0 C:/Program Files/Microchip/MPLABX/v6.30/packs/Microchip/ATmega_DFP/3.5.296/gcc/dev/atmega32a/avr5/crtatmega32a.o
                0x00000194                __init
 *(.init0)
 *(.init1)
 *(.init1)
 *(.init2)
 .init2         0x00000194        0xc C:/Program Files/Microchip/MPLABX/v6.30/packs/Microchip/ATmega_DFP/3.5.296/gcc/dev/atmega32a/avr5/crtatmega32a.o
 *(.init2)
 *(.init3)
 *(.init3)
 *(.init4)
 .init4         0x000001a0       0x16 C:/Users/sara_/Downloads/avr8-gnu-toolchain-4.0.0.52-win32.any.x86_64 (2)/avr8-gnu-toolchain-win32_x86_64/bin/../lib/gcc/avr/15.1.0/avr5\libgcc.a(_copy_data.o)
                0x000001a0                __do_copy_data
 .init4         0x000001b6       0x10 C:/Users/sara_/Downloads/avr8-gnu-toolchain-4.0.0.52-win32.any.x86_64 (2)/avr8-gnu-toolchain-win32_x86_64/bin/../lib/gcc/avr/15.1.0/avr5\libgcc.a(_clear_bss.o)
                0x000001b6                __do_clear_bss
 *(.init4)
 *(.init5)
 *(.init5)
 *(.init6)
 *(.init6)
 *(.init7)
 *(.init7)
 *(.init8)
 *(.init8)
 *(.init9)
 .init9         0x000001c6        0x8 C:/Program Files/Microchip/MPLABX/v6.30/packs/Microchip/ATmega_DFP/3.5.296/gcc/dev/atmega32a/avr5/crtatmega32a.o
 *(.init9)
 *(.text)
 .text          0x000001ce        0x4 C:/Program Files/Microchip/MPLABX/v6.30/packs/Microchip/ATmega_DFP/3.5.296/gcc/dev/atmega32a/avr5/crtatmega32a.o
                0x000001ce                __vector_1
                0x000001ce                __vector_12
                0x000001ce                __bad_interrupt
                0x000001ce                __vector_6
                0x000001ce                __vector_3
                0x000001ce                __vector_11
                0x000001ce                __vector_13
                0x000001ce                __vector_17
                0x000001ce                __vector_19
                0x000001ce                __vector_7
                0x000001ce                __vector_5
                0x000001ce                __vector_4
                0x000001ce                __vector_9
                0x000001ce                __vector_2
                0x000001ce                __vector_15
                0x000001ce                __vector_8
                0x000001ce                __vector_14
                0x000001ce                __vector_18
                0x000001ce                __vector_20
                0x000001d2                        . = ALIGN (0x2)
 *(.text.*)
 .text.uart_transmit
                0x000001d2        0x8 build/default/production/predict.o
 .text.uart_puts
                0x000001da       0x20 build/default/production/predict.o
 .text.uart_print_uint16
                0x000001fa       0xd2 build/default/production/predict.o
 .text.uart_print_float
                0x000002cc      0x12a build/default/production/predict.o
 .text.receive_input
                0x000003f6       0x1a build/default/production/predict.o
 .text.compute_frame_features
                0x00000410      0x13e build/default/production/predict.o
 .text.reset_capture_state
                0x0000054e       0x44 build/default/production/predict.o
 .text.lcd_write_byte
                0x00000592       0x2a build/default/production/predict.o
 .text.lcd_print
                0x000005bc       0x22 build/default/production/predict.o
 .text.lcd_clear
                0x000005de       0x16 build/default/production/predict.o
 .text.start_recognition
                0x000005f4       0x28 build/default/production/predict.o
 .text.calibrate_noise_floor
                0x0000061c      0x29a build/default/production/predict.o
 .text.__vector_10
                0x000008b6        0x4 build/default/production/predict.o
                0x000008b6                __vector_10
 .text.__vector_16
                0x000008ba       0x68 build/default/production/predict.o
                0x000008ba                __vector_16
 .text.main     0x00000922      0xa84 build/default/production/predict.o
                0x00000922                main
 .text.avr-libc.fplib
                0x000013a6        0xe C:/Users/sara_/Downloads/avr8-gnu-toolchain-4.0.0.52-win32.any.x86_64 (2)/avr8-gnu-toolchain-win32_x86_64/bin/../lib/gcc/avr/15.1.0/../../../../avr/lib/avr5\libm.a(addsf3.o)
                0x000013a6                __subsf3
                0x000013a8                __addsf3
 .text.avr-libc.fplib
                0x000013b4       0xcc C:/Users/sara_/Downloads/avr8-gnu-toolchain-4.0.0.52-win32.any.x86_64 (2)/avr8-gnu-toolchain-win32_x86_64/bin/../lib/gcc/avr/15.1.0/../../../../avr/lib/avr5\libm.a(addsf3x.o)
                0x000013d6                __addsf3x
 .text.avr-libc.fplib
                0x00001480        0xa C:/Users/sara_/Downloads/avr8-gnu-toolchain-4.0.0.52-win32.any.x86_64 (2)/avr8-gnu-toolchain-win32_x86_64/bin/../lib/gcc/avr/15.1.0/../../../../avr/lib/avr5\libm.a(cmpsf2.o)
                0x00001480                __nesf2
                0x00001480                __eqsf2
                0x00001480                __cmpsf2
                0x00001480                __ltsf2
                0x00001480                __lesf2
 .text.avr-libc.fplib
                0x0000148a        0x8 C:/Users/sara_/Downloads/avr8-gnu-toolchain-4.0.0.52-win32.any.x86_64 (2)/avr8-gnu-toolchain-win32_x86_64/bin/../lib/gcc/avr/15.1.0/../../../../avr/lib/avr5\libm.a(divsf3.o)
                0x0000148a                __divsf3
 .text.avr-libc.fplib
                0x00001492       0xdc C:/Users/sara_/Downloads/avr8-gnu-toolchain-4.0.0.52-win32.any.x86_64 (2)/avr8-gnu-toolchain-win32_x86_64/bin/../lib/gcc/avr/15.1.0/../../../../avr/lib/avr5\libm.a(divsf3x.o)
                0x000014b2                __divsf3x
                0x000014b8                __divsf3_pse
 .text.avr-libc.fplib
                0x0000156e       0x5e C:/Users/sara_/Downloads/avr8-gnu-toolchain-4.0.0.52-win32.any.x86_64 (2)/avr8-gnu-toolchain-win32_x86_64/bin/../lib/gcc/avr/15.1.0/../../../../avr/lib/avr5\libm.a(fixunssfsi.o)
                0x0000156e                __fixunssfsi
 .text.avr-libc.fplib
                0x000015cc       0x7a C:/Users/sara_/Downloads/avr8-gnu-toolchain-4.0.0.52-win32.any.x86_64 (2)/avr8-gnu-toolchain-win32_x86_64/bin/../lib/gcc/avr/15.1.0/../../../../avr/lib/avr5\libm.a(floatsisf.o)
                0x000015cc                __floatunsisf
                0x000015d0                __floatsisf
 .text.avr-libc.fplib
                0x00001646       0x48 C:/Users/sara_/Downloads/avr8-gnu-toolchain-4.0.0.52-win32.any.x86_64 (2)/avr8-gnu-toolchain-win32_x86_64/bin/../lib/gcc/avr/15.1.0/../../../../avr/lib/avr5\libm.a(fp_cmp.o)
                0x00001646                __fp_cmp
 .text.avr-libc.fplib
                0x0000168e        0xc C:/Users/sara_/Downloads/avr8-gnu-toolchain-4.0.0.52-win32.any.x86_64 (2)/avr8-gnu-toolchain-win32_x86_64/bin/../lib/gcc/avr/15.1.0/../../../../avr/lib/avr5\libm.a(fp_inf.o)
                0x0000168e                __fp_inf
 .text.avr-libc.fplib
                0x0000169a        0x6 C:/Users/sara_/Downloads/avr8-gnu-toolchain-4.0.0.52-win32.any.x86_64 (2)/avr8-gnu-toolchain-win32_x86_64/bin/../lib/gcc/avr/15.1.0/../../../../avr/lib/avr5\libm.a(fp_nan.o)
                0x0000169a                __fp_nan
 .text.avr-libc.fplib
                0x000016a0        0xe C:/Users/sara_/Downloads/avr8-gnu-toolchain-4.0.0.52-win32.any.x86_64 (2)/avr8-gnu-toolchain-win32_x86_64/bin/../lib/gcc/avr/15.1.0/../../../../avr/lib/avr5\libm.a(fp_pscA.o)
                0x000016a0                __fp_pscA
 .text.avr-libc.fplib
                0x000016ae        0xe C:/Users/sara_/Downloads/avr8-gnu-toolchain-4.0.0.52-win32.any.x86_64 (2)/avr8-gnu-toolchain-win32_x86_64/bin/../lib/gcc/avr/15.1.0/../../../../avr/lib/avr5\libm.a(fp_pscB.o)
                0x000016ae                __fp_pscB
 .text.avr-libc.fplib
                0x000016bc       0x22 C:/Users/sara_/Downloads/avr8-gnu-toolchain-4.0.0.52-win32.any.x86_64 (2)/avr8-gnu-toolchain-win32_x86_64/bin/../lib/gcc/avr/15.1.0/../../../../avr/lib/avr5\libm.a(fp_round.o)
                0x000016bc                __fp_round
 .text.avr-libc.fplib
                0x000016de       0x44 C:/Users/sara_/Downloads/avr8-gnu-toolchain-4.0.0.52-win32.any.x86_64 (2)/avr8-gnu-toolchain-win32_x86_64/bin/../lib/gcc/avr/15.1.0/../../../../avr/lib/avr5\libm.a(fp_split3.o)
                0x000016de                __fp_split3
                0x000016ee                __fp_splitA
 .text.avr-libc.fplib
                0x00001722        0xe C:/Users/sara_/Downloads/avr8-gnu-toolchain-4.0.0.52-win32.any.x86_64 (2)/avr8-gnu-toolchain-win32_x86_64/bin/../lib/gcc/avr/15.1.0/../../../../avr/lib/avr5\libm.a(fp_zero.o)
                0x00001722                __fp_zero
                0x00001724                __fp_szero
 .text.avr-libc.fplib
                0x00001730        0xa C:/Users/sara_/Downloads/avr8-gnu-toolchain-4.0.0.52-win32.any.x86_64 (2)/avr8-gnu-toolchain-win32_x86_64/bin/../lib/gcc/avr/15.1.0/../../../../avr/lib/avr5\libm.a(gesf2.o)
                0x00001730                __gesf2
                0x00001730                __gtsf2
 .text.avr-libc.fplib
                0x0000173a        0x8 C:/Users/sara_/Downloads/avr8-gnu-toolchain-4.0.0.52-win32.any.x86_64 (2)/avr8-gnu-toolchain-win32_x86_64/bin/../lib/gcc/avr/15.1.0/../../../../avr/lib/avr5\libm.a(mulsf3.o)
                0x0000173a                __mulsf3
 .text.avr-libc.fplib
                0x00001742       0xd2 C:/Users/sara_/Downloads/avr8-gnu-toolchain-4.0.0.52-win32.any.x86_64 (2)/avr8-gnu-toolchain-win32_x86_64/bin/../lib/gcc/avr/15.1.0/../../../../avr/lib/avr5\libm.a(mulsf3x.o)
                0x00001760                __mulsf3x
                0x00001766                __mulsf3_pse
 .text.libgcc.mul
                0x00001814       0x10 C:/Users/sara_/Downloads/avr8-gnu-toolchain-4.0.0.52-win32.any.x86_64 (2)/avr8-gnu-toolchain-win32_x86_64/bin/../lib/gcc/avr/15.1.0/avr5\libgcc.a(_mulhisi3.o)
                0x00001814                __mulhisi3
 .text.libgcc.mul
                0x00001824       0x1e C:/Users/sara_/Downloads/avr8-gnu-toolchain-4.0.0.52-win32.any.x86_64 (2)/avr8-gnu-toolchain-win32_x86_64/bin/../lib/gcc/avr/15.1.0/avr5\libgcc.a(_umulhisi3.o)
                0x00001824                __umulhisi3
 .text.libgcc.mul
                0x00001842        0xe C:/Users/sara_/Downloads/avr8-gnu-toolchain-4.0.0.52-win32.any.x86_64 (2)/avr8-gnu-toolchain-win32_x86_64/bin/../lib/gcc/avr/15.1.0/avr5\libgcc.a(_usmulhisi3.o)
                0x00001842                __usmulhisi3
                0x00001846                __usmulhisi3_tail
                0x00001850                        . = ALIGN (0x2)
 *(.fini9)
 .fini9         0x00001850        0x0 C:/Users/sara_/Downloads/avr8-gnu-toolchain-4.0.0.52-win32.any.x86_64 (2)/avr8-gnu-toolchain-win32_x86_64/bin/../lib/gcc/avr/15.1.0/avr5\libgcc.a(_exit.o)
                0x00001850                _exit
                0x00001850                exit
 *(.fini9)
 *(.fini8)
 *(.fini8)
 *(.fini7)
 *(.fini7)
 *(.fini6)
 *(.fini6)
 *(.fini5)
 *(.fini5)
 *(.fini4)
 *(.fini4)
 *(.fini3)
 *(.fini3)
 *(.fini2)
 *(.fini2)
 *(.fini1)
 *(.fini1)
 *(.fini0)
 .fini0         0x00001850        0x4 C:/Users/sara_/Downloads/avr8-gnu-toolchain-4.0.0.52-win32.any.x86_64 (2)/avr8-gnu-toolchain-win32_x86_64/bin/../lib/gcc/avr/15.1.0/avr5\libgcc.a(_exit.o)
 *(.fini0)
 *(.hightext)
 *(.hightext*)
 *(.progmemx.*)
                0x00001854                        . = ALIGN (0x2)
 *(.jumptables)
 *(.jumptables*)
                0x00001854                        _etext = .

.data           0x00800060      0x28a load address 0x00001854
                0x00800060                        PROVIDE (__data_start = .)
 *(.data)
 *(.data*)
 .data.noise_floor
                0x00800060        0x4 build/default/production/predict.o
 *(.gnu.linkonce.d*)
 *(.rodata)
 *(.rodata*)
 .rodata.receive_input.str1.1
                0x00800064      0x24e build/default/production/predict.o
                                 0x45 (size before relaxing)
 .rodata.start_recognition.str1.1
                0x008002b2       0x27 build/default/production/predict.o
 .rodata.calibrate_noise_floor.str1.1
                0x008002b2       0x78 build/default/production/predict.o
 .rodata.main.str1.1
                0x008002b2      0x177 build/default/production/predict.o
 .rodata.word_names
                0x008002b2       0x38 build/default/production/predict.o
 *(.gnu.linkonce.r*)
                0x0080042a                        . = ALIGN (0x2)
                0x008002ea                        _edata = .
                0x008002ea                        PROVIDE (__data_end = .)

.bss            0x008002ea       0xd7
                0x008002ea                        PROVIDE (__bss_start = .)
 *(.bss)
 *(.bss*)
 .bss.recording_frame_count
                0x008002ea        0x2 build/default/production/predict.o
 .bss.vad_triggered
                0x008002ec        0x1 build/default/production/predict.o
 .bss.post_vad_frames
                0x008002ed        0x2 build/default/production/predict.o
 .bss.frames_in_segment
                0x008002ef        0x2 build/default/production/predict.o
 .bss.current_segment
                0x008002f1        0x1 build/default/production/predict.o
 .bss.online_zcrs
                0x008002f2       0x14 build/default/production/predict.o
                0x008002f2                online_zcrs
 .bss.online_energies
                0x00800306       0x14 build/default/production/predict.o
                0x00800306                online_energies
 .bss.uart_cmd_index
                0x0080031a        0x1 build/default/production/predict.o
 .bss.uart_cmd_buffer
                0x0080031b       0x20 build/default/production/predict.o
                0x0080031b                uart_cmd_buffer
 .bss.capture_complete
                0x0080033b        0x1 build/default/production/predict.o
                0x0080033b                capture_complete
 .bss.recognition_requested
                0x0080033c        0x1 build/default/production/predict.o
                0x0080033c                recognition_requested
 .bss.frame_ready
                0x0080033d        0x1 build/default/production/predict.o
                0x0080033d                frame_ready
 .bss.frame_index
                0x0080033e        0x1 build/default/production/predict.o
                0x0080033e                frame_index
 .bss.frame_buffer
                0x0080033f       0x80 build/default/production/predict.o
                0x0080033f                frame_buffer
 .bss.adc_sample
                0x008003bf        0x2 build/default/production/predict.o
                0x008003bf                adc_sample
 *(COMMON)
                0x008003c1                        PROVIDE (__bss_end = .)
                0x00001854                        __data_load_start = LOADADDR (.data)
                0x00001ade                        __data_load_end = (__data_load_start + SIZEOF (.data))

.noinit         0x008003c1        0x0
                [!provide]                        PROVIDE (__noinit_start = .)
 *(.noinit .noinit.* .gnu.linkonce.n.*)
                [!provide]                        PROVIDE (__noinit_end = .)
                0x008003c1                        _end = .
                [!provide]                        PROVIDE (__heap_start = .)
                0x00000000                        __flmap_init_label = DEFINED (__flmap_noinit_start)?__flmap_noinit_start:0x0
                0x00000000                        __flmap = DEFINED (__flmap)?__flmap:0x0

.eeprom         0x00810000        0x0
 *(.eeprom*)
                0x00810000                        __eeprom_end = .

.fuse
 *(.fuse)
 *(.lfuse)
 *(.hfuse)
 *(.efuse)

.lock
 *(.lock*)

.signature
 *(.signature*)

.stab
 *(.stab)

.stabstr
 *(.stabstr)

.stab.excl
 *(.stab.excl)

.stab.exclstr
 *(.stab.exclstr)

.stab.index
 *(.stab.index)

.stab.indexstr
 *(.stab.indexstr)

.comment        0x00000000       0x2f
 *(.comment)
 .comment       0x00000000       0x2f build/default/production/predict.o
                                 0x30 (size before relaxing)

.note.gnu.avr.deviceinfo
                0x00000000       0x3c
 .note.gnu.avr.deviceinfo
                0x00000000       0x3c C:/Program Files/Microchip/MPLABX/v6.30/packs/Microchip/ATmega_DFP/3.5.296/gcc/dev/atmega32a/avr5/crtatmega32a.o

.gnu.build.attributes
 *(.gnu.build.attributes .gnu.build.attributes.*)

.note.gnu.build-id
 *(.note.gnu.build-id)

.debug
 *(.debug)

.line
 *(.line)

.debug_srcinfo
 *(.debug_srcinfo)

.debug_sfnames
 *(.debug_sfnames)

.debug_aranges
 *(.debug_aranges)

.debug_pubnames
 *(.debug_pubnames)

.debug_info     0x00000000      0x4e6
 *(.debug_info .gnu.linkonce.wi.*)
 .debug_info    0x00000000      0x4e6 C:/Program Files/Microchip/MPLABX/v6.30/packs/Microchip/ATmega_DFP/3.5.296/gcc/dev/atmega32a/avr5/crtatmega32a.o

.debug_abbrev   0x00000000      0x4a3
 *(.debug_abbrev)
 .debug_abbrev  0x00000000      0x4a3 C:/Program Files/Microchip/MPLABX/v6.30/packs/Microchip/ATmega_DFP/3.5.296/gcc/dev/atmega32a/avr5/crtatmega32a.o

.debug_line     0x00000000      0x116
 *(.debug_line .debug_line.* .debug_line_end)
 .debug_line    0x00000000      0x116 C:/Program Files/Microchip/MPLABX/v6.30/packs/Microchip/ATmega_DFP/3.5.296/gcc/dev/atmega32a/avr5/crtatmega32a.o

.debug_frame
 *(.debug_frame)

.debug_str      0x00000000      0x196
 *(.debug_str)
 .debug_str     0x00000000      0x196 C:/Program Files/Microchip/MPLABX/v6.30/packs/Microchip/ATmega_DFP/3.5.296/gcc/dev/atmega32a/avr5/crtatmega32a.o

.debug_loc
 *(.debug_loc)

.debug_macinfo
 *(.debug_macinfo)

.debug_weaknames
 *(.debug_weaknames)

.debug_funcnames
 *(.debug_funcnames)

.debug_typenames
 *(.debug_typenames)

.debug_varnames
 *(.debug_varnames)

.debug_pubtypes
 *(.debug_pubtypes)

.debug_ranges
 *(.debug_ranges)

.debug_addr
 *(.debug_addr)

.debug_line_str
 *(.debug_line_str)

.debug_loclists
 *(.debug_loclists)

.debug_macro
 *(.debug_macro)

.debug_names
 *(.debug_names)

.debug_rnglists
 *(.debug_rnglists)

.debug_str_offsets
 *(.debug_str_offsets)

.debug_sup
 *(.debug_sup)
OUTPUT(dist/default/production/predictor.X.production.elf elf32-avr)
LOAD linker stubs
